exports[`test should render a simple example correctly 1`] = `"data:image/png;base64,iVBORw0KGgoAAAANSUhEUgAABLAAAAMgCAYAAAAz4JsCAAAABmJLR0QA/wD/AP+gvaeTAAAgAElEQVR4nOzdebRedWHv/8/znDE5mRMiJIFgkBAZJBJAGWMFURSMQBV+CAit2NZWa6m9tg73UhWtekFb1CvWkdF61yVqRRREwhhmwpAYpszTyXSSM8/P748kxxySAFGQDb5ea7FYZz97+D77hLWy3nz3d5dmzJhRCQAAAAAUVPnlHgAAAAAAPBcBCwAAAIBCE7AAAAAAKDQBCwAAAIBCE7AAAAAAKDQBCwAAAIBCE7AAAAAAKDQBCwAAAIBCE7AAAAAAKDQBCwAAAIBCE7AAAAAAKDQBCwAAAIBCE7AAAAAAKDQBCwAAAIBCE7AAAAAAKDQBCwAAAIBCE7AAAAAAKDQBCwAAAIBCE7AAAAAAKDQBCwAAAIBCE7AAAAAAKDQBCwAAAIBCE7AAAAAAKDQBCwAAAIBCE7AAAAAAKDQBCwAAAIBCE7AAAAAAKDQBCwAAAIBCE7AAAAAAKDQBCwAAAIBCE7AAAAAAKDQBCwAAAIBCE7AAAAAAKDQBCwAAAIBCE7AAAAAAKDQBCwAAAIBCE7AAAAAAKDQBCwAAAIBCE7AAAAAAKDQBCwAAAIBCE7AAAAAAKDQBCwAAAIBCE7AAAAAAKDQBCwAAAIBCE7AAAAAAKDQBCwAAAIBCE7AAAAAAKDQBCwAAAIBCE7AAAAAAKDQBCwAAAIBCE7AAAAAAKDQBCwAAAIBCE7AAAAAAKDQBCwAAAIBCE7AAAAAAKDQBCwAAAIBCE7AAAAAAKDQBCwAAAIBCE7AAAAAAKDQBCwAAAIBCE7AAAAAAKDQBCwAAAIBCE7AAAAAAKDQBCwAAAIBCE7AAAAAAKDQBCwAAAIBCE7AAAAAAKDQBCwAAAIBCE7AAAAAAKDQBCwAAAIBCE7AAAAAAKDQBCwAAAIBCE7AAAAAAKDQBCwAAAIBCE7AAAAAAKDQBCwAAAIBCE7AAAAAAKDQBCwAAAIBCE7AAAAAAKDQBCwAAAIBCE7AAAAAAKDQBCwAAAIBCE7AAAAAAKDQBCwAAAIBCE7AAAAAAKDQBCwAAAIBCE7AAAAAAKDQBCwAAAIBCE7AAAAAAKDQBCwAAAIBCE7AAAAAAKDQBCwAAAIBCE7AAAAAAKDQBCwAAAIBCE7AAAAAAKDQBCwAAAIBCE7AAAAAAKDQBCwAAAIBCE7AAAAAAKDQBCwAAAIBCE7AAAAAAKDQBCwAAAIBCE7AAAAAAKDQBCwAAAIBCE7AAAAAAKDQBCwAAAIBCE7AAAAAAKDQBCwAAAIBCE7AAAAAAKDQBCwAAAIBCE7AAAAAAKDQBCwAAAIBCE7AAAAAAKDQBCwAAAIBCE7AAAAAAKDQBCwAAAIBCE7AAAAAAKDQBCwAAAIBCE7AAAAAAKDQBCwAAAIBCE7AAAAAAKDQBCwAAAIBCE7AAAAAAKDQBCwAAAIBCE7AAAAAAKDQBCwAAAIBCE7AAAAAAKDQBCwAAAIBCE7AAAAAAKDQBCwAAAIBCE7AAAAAAKDQBCwAAAIBCE7AAAAAAKDQBCwAAAIBCE7AAAAAAKDQBCwAAAIBCE7AAAAAAKDQBCwAAAIBCE7AAAAAAKDQBCwAAAIBCE7AAAAAAKDQBCwAAAIBCE7AAAAAAKDQBCwAAAIBCE7AAAAAAKDQBCwAAAIBCE7AAAAAAKDQBCwAAAIBCE7AAAAAAKDQBCwAAAIBCE7AAAAAAKDQBCwAAAIBCE7AAAAAAKDQBCwAAAIBCE7AAAAAAKDQBCwAAAIBCE7AAAAAAKDQBCwAAAIBCE7AAAAAAKDQBCwAAAIBCE7AAAAAAKDQBCwAAAIBCE7AAAAAAKDQBCwAAAIBCE7AAAAAAKDQBCwAAAIBCE7AAAAAAKDQBCwAAAIBCE7AAAAAAKDQBCwAAAIBCE7AAAAAAKDQBCwAAAIBCE7AAAAAAKDQBCwAAAIBCE7AAAAAAKDQBCwAAAIBCE7AAAAAAKDQBCwAAAIBCE7AAAAAAKDQBCwAAAIBCE7AAAAAAKDQBCwAAAIBCE7AAAAAAKDQBCwAAAIBCE7AAAAAAKDQBCwAAAIBCE7AAAAAAKDQBCwAAAIBCE7AAAAAAKDQBCwAAAIBCE7AAAAAAKDQBCwAAAIBCE7AAAAAAKDQBCwAAAIBCE7AAAAAAKDQBCwAAAIBCE7AAAAAAKDQBCwAAAIBCE7AAAAAAKDQBCwAAAIBCE7AAAAAAKDQBCwAAAIBCE7AAAAAAKDQBCwAAAIBCE7AAAAAAKDQBCwAAAIBCE7AAAAAAKDQBCwAAAIBCE7AAAAAAKDQBCwAAAIBCE7AAAAAAKDQBCwAAAIBCE7AAAAAAKDQBCwAAAIBCE7AAAAAAKDQBCwAAAIBCE7AAAAAAKDQBCwAAAIBCE7AAAAAAKDQBCwAAAIBCE7AAAAAAKDQBCwAAAIBCE7AAAAAAKDQBCwAAAIBCE7AAAAAAKDQBCwAAAIBCE7AAAAAAKDQBCwAAAIBCE7AAAAAAKDQBCwAAAIBCE7AAAAAAKDQBCwAAAIBCE7AAAAAAKDQBCwAAAIBCE7AAAAAAKDQBCwAAAIBCE7AAAAAAKDQBCwAAAIBCE7AAAAAAKDQBCwAAAIBCE7AAAAAAKDQBCwAAAIBCE7AAAAAAKDQBCwAAAIBCE7AAAAAAKDQBCwAAAIBCE7AAAAAAKDQBCwAAAIBCE7AAAAAAKDQBCwAAAIBCE7AAAAAAKDQBCwAAAIBCE7AAAAAAKDQBCwAAAIBCE7AAAAAAKDQBCwAAAIBCE7AAAAAAKDQBCwAAAIBCE7AAAAAAKDQBCwAAAIBCE7AAAAAAKDQBCwAAAIBCE7AAAAAAKDQBCwAAAIBCE7AAAAAAKDQBCwAAAIBCE7AAAAAAKDQBCwAAAIBCE7AAAAAAKDQBCwAAAIBCE7AAAAAAKDQBCwAAAIBCE7AAAAAAKDQBCwAAAIBCE7AAAAAAKDQBCwAAAIBCE7AAAAAAKDQBCwAAAIBCE7AAAAAAKDQBCwAAAIBCE7AAAAAAKDQBCwAAAIBCE7AAAAAAKDQBCwAAAIBCE7AAAAAAKDQBCwAAAIBCE7AAAAAAKDQBCwAAAIBCE7AAAAAAKDQBCwAAAIBCE7AAAAAAKDQBCwAAAIBCE7AAAAAAKDQBCwAAAIBCE7AAAAAAKDQBCwAAAIBCE7AAAAAAKDQBCwAAAIBCE7AAAAAAKDQBCwAAAIBCE7AAAAAAKDQBCwAAAIBCE7AAAAAAKDQBCwAAAIBCE7AAAAAAKDQBCwAAAIBCE7AAAAAAKDQBCwAAAIBCE7AAAAAAKDQBCwAAAIBCE7AAAAAAKDQBCwAAAIBCE7AAoABOOOGEXHbZZTnxxBP/KNc755xzctlll6WhoeGPcr0X08c+9rFcfPHFL/cw+D386KSTcu3b3va8+/30ne/M1dv9t3DGlCn5zaxZOW7ChCRJXVVVfjNrVr56zDEv2VgBgGIRsACgAOrq6tLQ0JDq6uoX9byjR4/OFVdckQsvvHDQ9kqlkoaGhnR1db2o1/tjGDJkSIYMGfJyD4Pfw7CamgyrqRn4eWJDQx5473vzuSOPHLTf8JqaNGy3X111dUbU1qamvOWvrqUkI2prM3S7fQCAV7cX92/JAMArQmdnZ3p6etLb2/tyDwV2MOvGG1OpVHb5eVd/f97605+mt7//jzgqAODlJGABwCvY2LFjM378+HR0dGT58uXp6+sb+KympmZgplJ1dfXAjKve3t50dHSks7Nz0Llqamqy1157ZcyYMWlra8uSJUvS09PzvGOoqalJbW1tOjo60t/fnwkTJmTYsGFpbGzM5s2bkyTlcjn77LNP6uvrs2bNmmzatGmn56qvr8/EiRNTX1+fpqamrF69+jlDxvZqa2tTU1OT3t7eHWaWTZgwISNGjEhra2tWrlz5gs+ZbLl3e+21V8aOHZu2trYsXbo03d3dO9135MiRmTx5cqqqqtLY2JhVq1btsM/QoUPT19eXrq6u1NfXZ++9905vb2+WL18+EBQbGhoyceLEge27+j0MHTo0kyZNSqVSycqVK9Pe3v6Cv1eSDK2uTnW5nObu7pRLpUwbNSp11dV5atOmtG69Zm1VVV4/alSqyuU8vXlzmrf77uVSKcNqatLb35/2Z8XQ2qqq1FdVpaO3Nz07CU11VVUDs7FqqqoyorY27b296e3vT8su7u82lUpl0DiSpL6qKrVVVWnp6UmlUsmUESMyrr4+Gzo780xz8y7PtceQIZk8fHi6+/qysKkp3aIYABSSgAUAr0Bjx47Neeedl2nTpg1sa25uzs9+9rPccccdSZJ3vetdOfnkk5Mk06dPz/Tp0/Ptb387Dz74YNrb2wfFjmnTpuW8887L2LFjB7a1tbXluuuuy/333/+cYznllFPyjne8I//+7/+ek08+OVOnTk2S9PX15cc//nGeeeaZfOhDH8r48eOTJP39/fnVr36Vn/zkJwPnqKqqyumnn57jjjsudXV1A9ubmpoye/bs3Hvvvc85hilTpuSjH/1oent7c9lllw2Eo3333TfnnXdeJk6cOLDv2rVr86Mf/Sjz589/znMmyf77758PfOAD2WOPPQa2dXR05Lrrrhs0ppqampx55pk55phjUi7/boWGRYsW5Xvf+17WrVs3sO2LX/xiGhsbc8MNN+T888/P0KFDkyTr16/PpZdemje96U055ZRTBh4nbW5uzte//vUsXbp04BzV1dU544wzMnPmzFRVVSVJenp6cvfdd+f666/fIU7uyhePOirH7LlnzrrppnzpqKMyefjwJElbb2/+ee7cVJfL+Z+HH57RW38n3f39ueSBB3LD1rGMqq3NTe9+d+5cvTofu/POQec+fcqUfHz69Hxi7tzcsmLFDtf+64MOyrkHHJAkOXHSpJw4aVI+fvfdmbNyZX4za1Y2d3fntBtv3Om466uqcufpp+fBdevyV3PmJEkumj49p0+ZkvN+/ev80xvfmEO2+7P86IYN+diddw6KXqPq6vLpGTMyc8KElEqlJElrT09++MQT+eHChenfjcgJALz0BCwAeIUZOnRo/vEf/zGjR4/OTTfdlCeeeCINDQ056aSTcs4556Sqqipz5szJvHnz0tHRkdNPPz1Lly7NnXfeORBBNm7cmCVLliTZMmvor/7qr9Lc3JxvfOMbaW5uzmte85qceuqp+Yu/+IusWLEiq1evft5x/cVf/EVWrVqV733vexk2bFhmzZqVM888M62trWlsbMyNN96Y2tranHzyyTn55JMzb968gTGccMIJOfHEE/P444/nlltuSXt7eyZOnJjTTjstF1xwQRYvXpy1a9fu9LpTpkzJ3//936erqytf/epXB8Y6YcKEXHTRRUmS2bNnZ/ny5RkzZkze9a535e/+7u/y7//+71m4cOEuv8+IESPy4Q9/OC0tLfnmN7+ZzZs3Z4899sipp56aCy64ICtWrMjKlSuTJOedd16OPPLI3Hfffbn99tvT19eXgw46KO94xzvy8Y9/PJ///OfT0tIycO5x48blL//yLzNnzpwsX748hx56aI444oh84hOfyLBhw3Lrrbdm6dKl2X///TNz5sycffbZ+eIXvzhw/AUXXJDDDz88jz32WO6+++709fXlyCOPzMyZMzNu3Lj8x3/8x/P+vrb3zZkzc++aNbli/vzsN3JkLpg2LZe86U2pr67O7atW5fZVqzJ+yJBceOCB+dThh+f21aufd5bU8/nNypVp6enJhw8+OPM3bsxPFy/Ok7uYmbc7vnbssVnU3JyLt4bX06dMyRvGjs0HDzwwl82blySpLZfzzeOPz/4jR2b24sW5c/Xq1JbLed/rXpe/PfjgDK2qyjcef/wPHgsA8OIRsADgFebd7353xo4dm6uuuip3bjfr5bHHHstnP/vZzJo1K3feeWeWLFmSzZs35/TTT8+6dety++23D+z76KOP5tFHH02STJ06NUOHDs3s2bMHti1ZsiTr16/P3/7t3+bAAw98QQFrxYoV+Y//+I/0b30Ea9iwYXnnO9+Z5ubmXHbZZQPb+/v78/73vz8HHHDAQMA65JBD0tHRkW9961sDj8stWbIktbW1OeusszJ58uSdBqz9998/H/nIR9LR0ZFLL7100D7ve9/7UlNTk0svvTRPP/30wPYnn3wyF198cU477bRBUejZXve612Xo0KH52c9+lkceeWRgTOvWrctHP/rRHHzwwVm5cmX222+/HHnkkVm4cGG+973vDTyeuGjRonR0dOS9731vTjjhhEEzzhoaGnLFFVfkoYceSpI8+OCDOeiggzJq1Kj86Ec/yq233pokuf/++7Pffvtl8uTJqa+vT2dnZw488MAcfvjhmTdvXr71rW8NXO+RRx5JuVzOYYcdlqlTp+bJJ5983t/ZNr9atiyXbo07Wb48U0eOzHETJuSm5cvzyXvuGdhv/JAhed/rXpeDx4zJ3DVrXvD5d+axDRuysbMzHz744Cxracn1ixb9QefbZklLSz58++0DM6jmrlmTG085JUdunQGYJGftv3+mjhqVb8+fn28vWDCw/fbVq3PNiSfmnAMOyHVPP52NL3AmGwDw0vMWQgB4BSmVSjnyyCPT2tqau+66a9Bn7e3tefDBBzN06NBBj8w9n22PvB177LGZMGHCwPZnnnkmF110UW655ZYXdJ77779/IFIlGVjnat68eYO2b9iwIcmWiLPNd7/73Vx88cU7rPU0ZsyYJBl4TG57U6dOHYhX//t//+9B8WrkyJF5/etfn2eeeWZQvEqSxsbGPP3005k8efKgxxWfbfv7MmnSpIHtS5YsyUUXXZRf/epXSZIZM2YkSebMmbPD2lp33313+vv7c8ghhwza3tvbm3nbglG2RL2mpqYkyQMPPDBo340bN6ZUKg08avjmN785SXLTTTftcL1tQfOArY/mvVC/XLZs0M+NHR1JkpuXLx+8fetjpyNra3fr/H9MVz/55KDH/zZ0dmZdZ+fAY5BJ8s7Jk9NfqeTqZ0W+7r6+/GLZstSUyzl0u0cQAYCXnxlYAPAKMnLkyDQ0NKStrS0XXnjhDp+/5jWvSbLl8bcX6sEHH8zRRx+dadOm5X/9r/+VNWvW5Iknnsjjjz+eBQsWvOA3FW7cuHHQz9viyq4WbN+27tC2fSZMmJCjjz46EydOzJgxY7LHHntk+NY1mZ6toaEhH/nIR1JbW5tKpTIokCUZCHhjxozJhz70oR2OHzNmTEqlUoYPH77Dgu/bPPLII3n88cdz8MEH5zOf+UwaGxsH3ZdtsW3PPfdMkix7VgRKtkTFtra2gRC3zYYNG3YYc6VSSV9f36BHDbdtT34X1LZFxre//e07/G7q6+uT7N7vP0lWt7UN+nlbAFq3NWQ9W3m7313RrN3JmLv7+lK/NbqVS6VMGTEivZVK/ucRR+yw755bQ+Ho54ibAMAfn4AFAK8g22YMlUqlQTOYtmltbc3ChQtf0NsDt+nt7c3Xvva1TJ8+PTNmzMi0adMyc+bMzJw5M01NTfnWt7418Kjfc9lVCHohb/x7+9vfntNOOy1JBtbcmjdvXurr6/POd75zh/1ramqyZs2aPPDAAznllFNy9tln5/LLLx/4fNt9KpfLO71P69evz/r16wctuP5sPT09+cY3vpFDDz00hx12WKZNm5bjjz8+xx9/fDZt2pQrrrgiixYtGrhW27Mi0DZVVVU73INd/X5eyL3adr26urqdziBbuHDhwGyuF6pzu7dXDhrPbp1lsNrnuLcvpa5dfJdt6qqqUi6V0tfXlxE7mUnW3tub+9auHXgLIwBQDAIWALyCbIskTU1N+epXv/qinbdSqeThhx/Oww8/nCSZPHlyjj322Bx//PE59dRTB8WhF9see+yR97znPVm7dm2+9rWvDZrJdfzxx+/0mI6OjnzlK19JW1tbXv/61+fggw/Om970poE3A267T08//XS+853v/N5j6+/vH3Rf9tlnnxxzzDF5y1vekne/+9352te+NvA2x1GjRmXNs9aFGjp0aIYOHZrlz3oU7w/R2tqa8ePH58orrxx4HLOIxg0Z8nIPYac6+/rS3d+fnv7+fPi2217u4QAAL5A1sADgFaS1tTVr167NnnvumVGjRu3w+TnnnJPPfe5zO511tCvve9/78vnPf37QbJ6lS5fmmmuuyebNmzNu3LgXZey7MnHixJTL5Tz88MM7PIY4efLknR7T1dWV1tbWVCqVXHPNNenr68uZZ5458OjcsmXL0tvbm/333z81NTWDji2VSvmHf/iH/PM///Ogxxif7fTTT88ll1wy8FjetvNed911aWpqGrgvi7YuPj59+vQdznHooYcmSZ544onnuw0v2OLFi5PsfJ2rI444IpdcckkOO+ywF+16z2XbzK1nr4lVLpXy5q2PsxZNpVLJI+vXZ0RtbV4/evQOn3/owAPz03e+M6/dzccwAYCXloAFAAUyceLEzJgxY6f/TJ06NUly8803p6qqKmeddVZqt4aDUqmUt771rTn22GOzcuXKgRlIfVsDw+jRo3f5uNyaNWuyxx575KSTThoUdPbff/8MHz78BT0++IfY9rjb1KlTB2JTVVVV/uzP/izHHHPMwM+7snLlytxyyy1paGjImWeemSTp7OzMHXfckVGjRuXd7373wPeqrq7OmWeemWnTpmXBggXP+cheY2Njxo0bl3e84x2D7st+++2XUaNGDdyXuXPnprOzMyeddNKgxd7HjBmTU045JT09PZkzZ87u35hduO2229Lb25tTTz11UFycMmVKzjzzzNTW1mbhwoUv2vWeS3tvbxo7OnLgmDE5Yutb/uqqqvKRQw7JvrtYv2x7PVvXAXvN0KGp+iOuq3XdU08lSf5x+vRBjxG+fe+9c8HrX5+NnZ1Z3Nz8RxsPAPD8PEIIAAVy5JFH5sgjj9zpZwsXLsyTTz6ZO+64Y+ARv0svvTRr1qzJqFGjMmLEiKxcuTJXXXXVwDEtLS1Zu3Zt9ttvv3z961/Pd77znTz00EODznvXXXfluOOOyymnnJKjjz46a9euzZAhQ7LPPvukpaUls2fPfkm/89KlSzNv3rxMnz49X/ziF7N27drstddeqVQqufbaa/P+978/Z5xxRurr63f5RsSf//znmTFjRg4//PDcd999eeSRR3L99ddnzz33zEknnZRjjz0269aty/jx4zNkyJDMnz8/N9xww3OOa+7cuTn++ONz8skn581vfnMaGxtTX1+fyZMnp62tbeC+bNq0KT/4wQ/ywQ9+MJ/+9KezbNmy9PX1ZZ999km5XM5VV12VdevWvWj3q7GxMT/4wQ9y/vnn5/Of/3xWr16d6urq7LHHHuns7Mw3v/nNgcca/xi+u2BBPjljRv7PzJnZ3N2dIdXV6envz/d++9t88MADn/PY9Z2dWdXWlsP22CN3nn56/uWeezJn5cqXfMy3r1qV/1ywIBceeGB+ecopWdLSklF1dRk/ZEhWtbXlU1sfRQUAiqNqwoQJF7/cgwCAP3WdnZ1Zvnx5HnvssV3+s2DBgqxduzZJ8uijj2bJkiUpl8spl8tZvXp15syZk2uvvXaHxdQfe+yxtLS0ZMmSJfntb3+7w2LjlUol9913X9rb21NTU5MhQ4akqakpDz30UK666qps3rz5ece+bNmyPPPMM+nu7h7Y3t3dnZUrV+app55Ka2vrwPbe3t6BN/pte0PhQw89lJaWlpTL5fT09OSBBx7IlVdemaeeeipr165Nd3d3nnzyyaxfvz6tra15+umns2LFioFz9vX15amnnsry5cvT1dWVxsbG9PX15d577826detSXV2dUqmUpUuX5sYbb8xPf/rTHd4C+GyVSiUPPPBA2tvbU1VVlaFDh6apqSkPP/xwrr766kGPO65ZsyYPP/xw+vv709DQkJ6enjz22GO55pprsmDBgkHnbW5uzoIFC3ZYL6ulpSVPPPHEDm8zbG9vz9NPP51FixYNzKhbtWpVHnroofT396e2tjbNzc25//77c9VVV2XlbgSg5u7uPLx+fRY0NQ28eTBJWnt6Mn/jxjy+cWM6tnvTYUdfX57YtCnzNmzI5q2/6982NeWh9evT3tubdR0duXXlyvzr/fdnUXNzFjc3Z9769WnZuiD6xq6u3NfYmGe2zm6qZEtM2tTVlfkbN+buNWvS0tOTDV1duXe7/Tp6e/Pkpk0D56pkyxsS721szNKtb21s7e3N4xs25PGNG9P9rIXcm7Ze96nt/iw/uG5d7l+3LuVSKTXlcla0tWX24sX5woMPZkNn5wu+hwDAH0dpxowZf8gLZgAAAADgJWUNLAAAAAAKTcACAAAAoNAELAAAAAAKTcACAAAAoNAELAAAAAAKTcACAAAAoNAELAAAAAAKTcACAOBlMXLkyAwbNuzlHgYA8AogYAEAL4rzzz8/V1xxRYYMGfJyD2UHI076UYa/7drn3W/kO3+aESde/UcY0WAvdHyvFm94wxty2WWX5ctf/nJOPfXUl3s4AMArgIAFALzqlWqGpVTzu5k+5YaJGf3eB9Jw5Oeetd/wpKZht8+/q/P9vuN7sXzqU5/K17/+9Rf9vM82bty4XHHFFfngBz/4gvZ/17velYaGhvzmN7/JvHnzXuLRAQCvBtUv9wAAAIpi842zkkrl5R7Gq96YMWPS2dmZ//qv/3q5hwIAvEIIWADwKlZdXZ2JEydm+PDhaW5uzqpVq9Lb2zton9ra2tTU1KS9vT2VSiV77bVXRo4cmZaWlqxcuXKn5y2VStlzzz1TX1+fxsbGtLe379a4StVDUypXp7+7OSmVUzVqWkrVdenb9FQqPa1b9qmqTdWo1yflqvRvfnrLvgPXL6dUMyyV/t5Uegdfu1RVm1JVfSq9Han09+x48aq63812qqpJuXZE+nvbk/7eVLpbdjrecv2YlIe/NqWahvS1rkh/86LnPV+5emiSDBr3s8fY39eV9HU9570qD9kj5eGTk77u9DYtTPq7n8zbhj0AACAASURBVHP/JCmXyxkyZEjK5S2T7RsaGtLb25uursHXGjduXPbYY490dHRk2bJl6e/vH/isuro6dXV16evrS2dn56DjampqUl1dnY6OjtTU1Aw8NlpdXZ2GhoZ0dnamr6/vOcfX1ta208/q6uqy3377ZciQIdm8eXMWL168w7nq6upSXV2d9vb2lMvl7LPPPmlubs6GDRue994AAK9MAhYAvEqdeOKJecc73pHhw4cPbGtra8uvf/3r/OIXvxjYdsYZZ+Qtb3lL/u3f/i3vfe97s99++w18tnjx4lx++eWDYsOUKVNywQUXZPz48UmSvr6+3HTTTSmVSi94bA1HfTE1ex6T5pvOyrCjvrQl0CSp9Lalbe4/J+XqDD38f6ZcN3rLAf3daXvgknQvvWHLz7WjMvLdN6Vn9Z1pvfNjg85dO+X0DJ3+8bTO/UR6Vtyyw7WHHPTXqT/g3C37TjoxtZNOTOvdH0/PyjkZNes36e/enOYbT9uyc6mUIYd8JHX7/38plWsGztG74bG0zf1E+jvW7vJ8Qw78UKpGTU3zr96bvubFg8fwhn9I3evem9Z7Ppme5Tft9B6V6kal4fDPpGav45Ot97bS3ZLOhT9I15NXpVLp3+lxSbLvvvvmE5/4xMDPl112We655558//vfT5KMHTs2559/fqZOnTqwT0tLS2bPnp277rorSTJq1Kh85jOfSU1NTb7whS9kxYoVW29JKX/3d3+XadOm5brrrsvYsWNz0kknJUne+MY35o1vfGOuuOKKPPTQQzuM6+ijj84HPvCBJMmwYcNyxRVXZM6cObnuuuuSJDNnzswZZ5yRurq6gWOamppy9dVX5/HHHx/YdvbZZ+fNb35zPvOZz+RDH/pQ9t5771x//fX51a9+tct7AgC8slVNmDDh4pd7EADAi+vggw/OBRdckLVr1+aaa67JzTffnIULF2afffbJEUcckeXLl6exsTFJcsghh2TffffNG97whrS0tOTnP/95Hn744YwYMSJTpkxJTU1N5s+fn2TLo1//9E//lBEjRuS2227LzTffnNWrV+fEE0/MXnvtlerq6vzyl7/cYZbXs9VOPjlVw/ZJ7aS3pnfdvHQs/H76W5akZvwRqdnruNRNPjk9jfeka+EP0rtxfmr2OCy1E49P1zM/Tvq6U6oekvoDzk1/67J0L/vloHNXjz04NXsene4Vv07/1nBUP/XsJJV0PXVd0tueStuqVI8/In0b56dzwXfSt+GRVHpaUj/tA6n0daXr6S2PttXtf1aGHPw36V7y32l/+MvpWXpD+jrWpW7vt6V6zEHpXvLfuzxfKn2pec2b09+1Mb3rtos5pXIaDv9MSknaH/h8UukdPL4kKddm+J/9Z2rGHZauxdena8F30rPy1pQbJqRuyqykVJXetffv8v729fVl3bp1mTRpUurq6nLttddm4cKF2bBhQ4YNG5Z/+Zd/yYQJE3LzzTfnF7/4RRYsWJCJEyfmuOOOy+bNm7Ns2bK0t7envb09hx56aF772tfmrrvuSqVSyXHHHZe3vvWtefzxx/N//+//TUdHR9avX59p06Zl6dKlueGGG/LUU0+lo6Njh3F1dXVl9erVmTp1alpaWnL99ddn4cKFaWpqyjHHHJNzzjknK1euzDXXXJNbbrklixcvzrRp03LcccflqaeeGphh9cY3vjGTJk3KtGnTMmzYsMybNy/z58/P+vXrn/PPHQDwymUGFgC8Ch166KFJkm9/+9tZu3ZtkmTp0qVpa2vLxz72sey777555JFHBh3T2NiYyy67LJWta0AtWLAgX/rSlzJt2rSBfU455ZQMHTo01157bW677baB7QsWLMj/+B//Y7fH2bXsV+mYd2mSpGd5UjVyamomHJee5Tel7Z5PDuxXGjI+9a97X6rHHJyeNXN3+zrb693wWPo7N6b+4A+nr2VZuhZdv8t9aybMTKXSn46HvpRKf0/6kvSseyjlulGpmXRiSrUjd3m+yrJfpf6Qj6R24gnpXPCdgXNWj5ueUv3YdC/5eSp9nTu9bv3Us1M9amo651+RjgX/ObC9Z/XtGf62a1M39Zx0PnVtKl2bdnp8c3Nzbr/99hx33HEZPnx4br/99oHPTj311IwePTpXXnnlwGyrJHnsscfyr//6r3nPe96Tu+66K/39/bnjjjsyffr0HHTQQXn729+ee+65J3/+53+e1tbWXHnllalUKlm8eHFaWlrynve8J2vXrh10rWdbu3Zt1q5dm1mzZqWtrW1g35qampxxxhlpb2/P1772tYFHUpcsWZKlS5fm05/+dM4444x88YtfHHS+7u7ufPnLX95pLAMAXl28hRAAXoX++7//O5/61KcG4tU2o0aNSpKBtZG2d8sttwzEq2RLBNm4cePAI4ilUimHH354Nm/enDvuuGPQsYsWLcqSJUt2e5zPnj3V37FlVlj38psHba+0b9leqh2529f4Q5RK5ZRK5dQfeOGgtwS2P/iFbP7pW1Pp3rzLY/s71qZ37QOpGrV/ysP2GdheO+nEJEnX0l/s6tDUTX5nUulP5xNXDdpe6etO99JfpFRVm+qxh+729ymXyzniiCPS3Nycu+++e9BnbW1tmTdvXoYNG5ZJkyZtuV6lkiuvvDLt7e055ZRT8qEPfSj19fW55pprsnnzrr/77jrggAPS0NCQ++67b4f11FasWJGlS5dm8uTJGTZs8Jsab7jhBvEKAP5EmIEFAK9Czc3NGTNmTE444YRMnjw5Y8eOzbhx4wYC1s5s3Lhxh219fX2pqqpKkowfPz51dXVZvHjxoMW+t2lsbMxrX/va3Rpnf9vqwRu2ruvU37Fup/uXSn/c//fW8ejlGTbzG6l//V+k/oBz0rv+0fSsvTc9K29PX/Mzz3t8z7IbU/OaI1O394np+O33UiqVUzPprenvWJfedQ/s/KBSVUrD9036ezL0yIt3+Lg8dM8t/64fs9vfZ/To0WloaEh7e3suvPDCHT7fc88t5x4xYsTAtk2bNuWaa67JhRdemClTpmTu3Lk7Xd/qDzFhwoQkW2YJ7sz69euz7777ZvTo0WltbR3Yvnr16p3uDwC8+ghYAPAqdNhhh+WCCy5IbW1tGhsbs3LlyixcuDDNzc05++yzd3pMT89O3ti3ndra2iTZ5YyX7u7nfzveDnbxCF0llZ1ufyFK5drf+9hn6934eDb/4rTU7XtqavY6NlXjDk31+MMz5OC/TffKW9N2z78k/bte76t7xW8y9LB/Ts2kE9Lx2++latyhKdeP2zKzaleLsFfVpVQqp1LpT7l2xI6f97and+19u3xj4nPZtjh6pVJJQ0PDDp+3tLRk4cKFO/wut3974Usx42nbuJ79tsPns/2MQQDg1U3AAoBXmerq6nzgAx9Ib29vLr300kGP9m3/1rndte1NhGPG7Hzmz9ixY3/vc7+YykPGvajnq3RtTOcTP0znEz9MqXpIqvc8OvWv/8vUTvyz9Ew4Pt0rfrPrY3vb0r3qttTufVLKwyYNPD7YvWzXjw+mryOVvu6kvzstt334Rf0uLS1boldTU1O++tWvvqBjGhoacu6556arqystLS15y1vekkceeSQLFy580ca17c/W9jO/tjdu3JbfaVNT04t2TQDglcUaWADwKjN27NjU19fn6aef3mFdqr333vv3Pu/GjRuzadOm7LPPPjvEqoaGhrzuda/7vc+9u7Ytfv7sNbFKpXJqXvPmF+Uapar6jDh5doYcetHvrtvbkZ4Vt6Rz/v9JkpSHTnje83QvuzFJUrv321Iz8a3p3fRk+jY9tesDKpX0bXwspdqRqRp1wA4fDznorzPynT9Nefjk3fxGWwLWunXrsueee+70cdJzzz03n/3sZwfNznr/+9+fkSNHZvbs2fnBD36QJPnABz6QIUOG7Pb1d+WZZ7Y8jvnGN75xh89Gjx6dffbZJytWrBj0+CAA8KdFwAKAV5nNmzenUqlk7733HrQA+/Tp0zNr1qwkW2Zp/T5+85vfpFQq5ayzzkp9fX2SLW+QO++88wYeA/uj6G1Pf0djqsccmJrxR2zZVlWX+kM+smX9qOfTv+VxyfLQ1ySlqp3uUunrTHraUjdlVqpGbLe2V6mcmolvTZL0NS143vP1rJmbStem1E09N+Uhe6TnORZv36bzyWuSJEOnfzyl2uED22v3eUfqpn0glc4N6W/Z+XpRg67d05OqqqpBseqWW25JdXV1zjrrrNTU1Gz5SqVSTjjhhBxzzDFZvnz5wIyoI488MjNmzMgzzzyT2267LU899VTmzJmTMWPG5Mwzzxx0nWTLSwJ29oKA57N06dIsXrw406ZNy1FHHTWwvbq6OmeeeWbK5XJuueWW3T4vAPDq4RFCAHiV6ezszC9/+cucfPLJueSSS7JixYqMHTs2w4YNy49+9KP8+Z//eWbOnJlSqZQf//jHu3Xum266Kfvtt18OPfTQfPnLX05jY2PGjx+fzs7O3HvvvXnTm970En2rHXUu+G6Gzvhkhs38P6l0b06pekgq/T3p+u33Un/gB5/z2Ern+vS1rUr1Hodl1Ol3pu2ef0nPyjk77Nf+yKUZdvw3M+Jt16Wv+Zn0d27c8lbB+nHpXnpDetY99Pzn6+9N1/KbUv+696XS3/Pcjw9u1bPq9nQu+E7qD/xgRp7yq/S3LEmpblTKQ8anr21V2u799Au6R0uWLMl+++2XL33pS7nrrrty5ZVXZs6cOdl7771zzDHH5NJLL01jY2NGjx6d4cOHZ/ny5bn22muTbJn5dNZZZ6W3tzdXXXXVwML9P/nJT/KGN7whRx11VObNm5d58+alpaUlGzZsyP7775/LL7883/3ud3d7offvf//7ueiii3L++efnXe96V5qamjJp0qQMHTo0d911V+bOnbtb5wMAXl2qJkyYcPHLPQgA4MW1cOHCNDY2plQqpb+/PwsWLMhVV12V3/72t1myZEl6e3uzZMmSrFixIp2dnVmyZEkWLVq0w0LuLS0teeKJJ7J8+fKBbQ8++GA2btyYmpqadHd3Z968ebnyyiuzevXqLFu2LEuXLt3pWwq319/dnL71D6e3acGgxcwrPa3p2zg/fRsfT6V3u8XC+zrSt+mJ9G6Yl0r35i2bmn6b3vUPpdLbnkrHui2Lqt//r+lrXpT+5sXpXT8vlZ4taz5Vujamt/G+7d4cWEnPqttT6dqU3o3z07vm7lR6WtLftSE9jfemf+t+/e1r0rP6jiRJqaYhKVenr2lBup68Jl2//W4ysNj8zs/3uy/clbp9T0nPilvSveTnO9yPHceX9K57IH3rHkipVErKNam0Lk/34p+k/cEvpL9zw3Pe322efPLJbN68OatWrcr8+fOzdu3aJMkjjzySZcuWpVwup1wuZ9WqVbn11lvzox/9aGDB9te85jVZs2ZNbr/99ixatOh3v4q+vjzxxBNZsWJFuru7s2bNmlQqlcybNy+tra1ZsmRJ5s+fn/b29l2Oq7m5OQsXLhz0FsG2trbMnTs3HR0dqa+vT1VVVRYtWpSf/vSnufnmmwcd39HRkUWLFmXRokXp6+t7QfcCAHhlK82YMcPrWwAAXkL1r78gQw7+27Tc9tfpXfvAyz0cAIBXHGtgAQC8FEqlLf+qHZ76/d6bvk1Ppnfdgy/zoAAAXpmsgQUA8BIo1wzPiJNnp1RVn1TVpePBLyQVE98BAH4fAhYAwEugv68rPavvTqWvI71r5qZn9Z0v95AAAF6xrIEFAAAAQKFZAwsAAACAQhOwAAAAACg0AQsAAACAQhOwAAAAACg0byEEAF7VZsyYkU9/+tM7/ayrqyvLli3LLbfckptuuimVypZ327zlLW/J3//93+fb3/52brzxxt263lVXXZXW1tb8zd/8zfPu19TUlI9+9KO7df4kOe2003Leeefl//2//5err756t48HAHilEbAAgFe1qqqqDB8+PE1NTVm8ePGgz0aPHp3p06fnsMMOy7777psrrrgiSVJbW5vhw4entrZ2t683bNiw9Pf3v6D9urq6dvv8yR82PgCAVyIBCwD4kzBv3rxccsklO2yfOnVqLr300pxxxhn52c9+ltWrV+fWW2/N3Llzf6/AdO655w7M5Hq+/V5I6AIAwBpYAMCfuCeffDJ33XVXyuVyDjrooCRJT09PWlpa0t3dnSRpaGjI8OHDU1NTs8PxQ4cOHTQTqrW1NW1tbc973dbW1rS3t++wffTo0Tn00ENz1FFHZfLkyb/v1wIAeFURsACAP3mdnZ2Dfj7ppJPy61//OrNmzUqSnH322Zk9e3Y++9nPDtrvgAMOyOzZs3PllVdm+PDhSZLZs2fnhz/84fNec/bs2fnOd74z8HOpVMqFF16Ya6+9Npdeemk+97nP5bvf/W4uv/zyjBs37g/9igAAr2gCFgDwJ62uri7Tp09PkixatGin+/zwhz/MkiVLcsQRR+Rtb3tbkqSmpiYf//jHUy6X85WvfCUtLS1/0Dje85735Mwzz8zNN9+cj370o7noooty7bXXZurUqfnkJz85aN9tM7x2NoMLAODVyBpYAMCfhPHjx2fmzJmDto0dOzZvf/vbM2nSpNx///27DFjd3d35t3/7t1x++eX58Ic/nAceeCCzZs3Ka1/72syePTsPPvjgHzy+o48+Ov39/bn88svT09OTJHn00UczYsSIzJw5MyNGjEhzc3OSZNOmTUky8DMAwKudgAUA/Ek46KCDBta4erb58+fnK1/5ynMe//TTT+fqq6/OBRdckIsvvjgHHHBAli5dmv/8z/98UcZXLpdTLpdz7rnn5r/+/3buV6W3LAzA8BoMXsyvKAYV7FYFk8XgFVi8ADFo8wK8AE/xHg4IJqOaFC0Giwgm/82kccYwcOAcmJfj85S9WXwsdn5Ze3379nHK6uDgYBwcHHyafXx8/PQEAPjdCVgAwJdwfn4+jo+PP609Pz+Pu7u7cXt7+0N7HB0djYWFhTGZTMbLy8vY29v7uOj9Zx0eHo79/f2xvr4+1tbWxsXFxTg7Oxunp6fj5ubm0+zfJ7AELADgqxCwAIAv4f7+fnz//v2n9nh/f/+48P3f77/C5eXl2NjYGMvLy2N+fn5MJpMxMzMzNjc3x8nJydjd3R2vr69jjH/ClV8IAYCvwiXuAAA/aGVlZczOzo7r6+sxPT09tre3x9TU1C/b/+HhYRwdHY2tra2xuro6dnZ2xtXV1VhaWhqLi4sfc09PT+Pt7U3AAgC+jD/m5ub+/L8/AgAAAAD+ixNYAAAAAKQJWAAAAACkCVgAAAAApAlYAAAAAKQJWAAAAACkCVgAAAAApAlYAAAAAKQJWAAAAACkCVgAAAAApAlYAAAAAKQJWAAAAACkCVgAAAAApAlYAAAAAKQJWAAAAACkCVgAAAAApAlYAAAAAKQJWAAAAACkCVgAAAAApAlYAAAAAKQJWAAAAACkCVgAAAAApAlYAAAAAKQJWAAAAACkCVgAAAAApAlYAAAAAKQJWAAAAACkCVgAAAAApAlYAAAAAKQJWAAAAACkCVgAAAAApAlYAAAAAKQJWAAAAACkCVgAAAAApAlYAAAAAKQJWAAAAACkCVgAAAAApAlYAAAAAKQJWAAAAACkCVgAAAAApAlYAAAAAKQJWAAAAACkCVgAAAAApAlYAAAAAKQJWAAAAACkCVgAAAAApAlYAAAAAKQJWAAAAACkCVgAAAAApAlYAAAAAKQJWAAAAACkCVgAAAAApAlYAAAAAKQJWAAAAACkCVgAAAAApAlYAAAAAKQJWAAAAACkCVgAAAAApAlYAAAAAKQJWAAAAACkCVgAAAAApAlYAAAAAKQJWAAAAACkCVgAAAAApAlYAAAAAKQJWAAAAACkCVgAAAAApAlYAAAAAKQJWAAAAACkCVgAAAAApAlYAAAAAKQJWAAAAACkCVgAAAAApAlYAAAAAKQJWAAAAACkCVgAAAAApAlYAAAAAKQJWAAAAACkCVgAAAAApAlYAAAAAKQJWAAAAACkCVgAAAAApAlYAAAAAKQJWAAAAACkCVgAAAAApAlYAAAAAKQJWAAAAACkCVgAAAAApAlYAAAAAKQJWAAAAACkCVgAAAAApAlYAAAAAKQJWAAAAACkCVgAAAAApAlYAAAAAKQJWAAAAACkCVgAAAAApAlYAAAAAKQJWAAAAACkCVgAAAAApAlYAAAAAKQJWAAAAACkCVgAAAAApAlYAAAAAKQJWAAAAACkCVgAAAAApAlYAAAAAKQJWAAAAACkCVgAAAAApAlYAAAAAKQJWAAAAACkCVgAAAAApAlYAAAAAKQJWAAAAACkCVgAAAAApAlYAAAAAKQJWAAAAACkCVgAAAAApAlYAAAAAKQJWAAAAACkCVgAAAAApAlYAAAAAKQJWAAAAACkCVgAAAAApAlYAAAAAKQJWAAAAACkCVgAAAAApAlYAAAAAKQJWAAAAACkCVgAAAAApAlYAAAAAKQJWAAAAACkCVgAAAAApAlYAAAAAKQJWAAAAACkCVgAAAAApAlYAAAAAKQJWAAAAACkCVgAAAAApAlYAAAAAKQJWAAAAACkCVgAAAAApAlYAAAAAKQJWAAAAACkCVgAAAAApAlYAAAAAKQJWAAAAACkCVgAAAAApAlYAAAAAKQJWAAAAACkCVgAAAAApAlYAAAAAKQJWAAAAACkCVgAAAAApAlYAAAAAKQJWAAAAACkCVgAAAAApAlYAAAAAKQJWAAAAACkCVgAAAAApAlYAAAAAKQJWAAAAACkCVgAAAAApAlYAAAAAKQJWAAAAACkCVgAAAAApAlYAAAAAKQJWAAAAACkCVgAAAAApAlYAAAAAKQJWAAAAACkCVgAAAAApAlYAAAAAKQJWAAAAACkCVgAAAAApAlYAAAAAKQJWAAAAACkCVgAAAAApAlYAAAAAKQJWAAAAACkCVgAAAAApAlYAAAAAKQJWAAAAACkCVgAAAAApAlYAAAAAKQJWAAAAACkCVgAAAAApAlYAAAAAKQJWAAAAACkCVgAAAAApAlYAAAAAKQJWAAAAACkCVgAAAAApAlYAAAAAKQJWAAAAACkCVgAAAAApAlYAAAAAKQJWAAAAACkCVgAAAAApAlYAAAAAKQJWAAAAACkCVgAAAAApAlYAAAAAKQJWAAAAACkCVgAAAAApAlYAAAAAKQJWAAAAACkCVgAAAAApAlYAAAAAKQJWAAAAACkCVgAAAAApAlYAAAAAKQJWAAAAACkCVgAAAAApAlYAAAAAKQJWAAAAACkCVgAAAAApAlYAAAAAKQJWAAAAACkCVgAAAAApAlYAAAAAKQJWAAAAACkCVgAAAAApAlYAAAAAKQJWAAAAACkCVgAAAAApAlYAAAAAKQJWAAAAACkCVgAAAAApAlYAAAAAKQJWAAAAACkCVgAAAAApAlYAAAAAKQJWAAAAACkCVgAAAAApAlYAAAAAKQJWAAAAACkCVgAAAAApAlYAAAAAKQJWAAAAACkCVgAAAAApAlYAAAAAKQJWAAAAACkCVgAAAAApAlYAAAAAKQJWAAAAACkCVgAAAAApAlYAAAAAKQJWAAAAACkCVgAAAAApAlYAAAAAKQJWAAAAACkCVgAAAAApAlYAAAAAKQJWAAAAACkCVgAAAAApAlYAAAAAKQJWAAAAACkCVgAAAAApAlYAAAAAKQJWAAAAACkCVgAAAAApAlYAAAAAKQJWAAAAACkCVgAAAAApAlYAAAAAKQJWAAAAACkCVgAAAAApAlYAAAAAKQJWAAAAACkCVgAAAAApAlYAAAAAKQJWAAAAACkCVgAAAAApAlYAAAAAKQJWAAAAACkCVgAAAAApAlYAAAAAKQJWAAAAACkCVgAAAAApAlYAAAAAKQJWAAAAACkCVgAAAAApAlYAAAAAKQJWAAAAACkCVgAAAAApAlYAAAAAKQJWAAAAACkCVgAAAAApAlYAAAAAKQJWAAAAACkCVgAAAAApAlYAAAAAKQJWAAAAACkCVgAAAAApAlYAAAAAKQJWAAAAACkCVgAAAAApAlYAAAAAKQJWAAAAACkCVgAAAAApAlYAAAAAKQJWAAAAACkCVgAAAAApAlYAAAAAKQJWAAAAACkCVgAAAAApAlYAAAAAKQJWAAAAACkCVgAAAAApAlYAAAAAKQJWAAAAACkCVgAAAAApAlYAAAAAKQJWAAAAACkCVgAAAAApAlYAAAAAKQJWAAAAACkCVgAAAAApAlYAAAAAKQJWAAAAACkCVgAAAAApAlYAAAAAKQJWAAAAACkCVgAAAAApAlYAAAAAKQJWAAAAACkCVgAAAAApAlYAAAAAKQJWAAAAACkCVgAAAAApAlYAAAAAKQJWAAAAACkCVgAAAAApAlYAAAAAKQJWAAAAACkCVgAAAAApAlYAAAAAKQJWAAAAACkCVgAAAAApAlYAAAAAKQJWAAAAACkCVgAAAAApAlYAAAAAKQJWAAAAACkCVgAAAAApAlYAAAAAKQJWAAAAACkCVgAAAAApAlYAAAAAKQJWAAAAACkCVgAAAAApAlYAAAAAKQJWAAAAACkCVgAAAAApAlYAAAAAKQJWAAAAACkCVgAAAAApAlYAAAAAKQJWAAAAACkCVgAAAAApAlYAAAAAKQJWAAAAACkCVgAAAAApAlYAAAAAKQJWAAAAACkCVgAAAAApAlYAAAAAKQJWAAAAACkCVgAAAAApAlYAAAAAKQJWAAAAACkCVgAAAAApAlYAAAAAKQJWAAAAACkCVgAAAAApAlYAAAAAKQJWAAAAACkCVgAAAAApAlYAAAAAKQJWAAAAACkCVgAAAAApAlYAAAAAKQJWAAAAACkCVgAAAAApAlYAAAAAKQJWAAAAACkCVgAAAAApAlYAAAAAKQJWAAAAACkCVgAAAAApAlYAAAAAKQJWAAAAACkCVgAAAAApAlYAAAAAKQJWAAAHQt41AAAAOlJREFUAACkCVgAAAAApAlYAAAAAKQJWAAAAACkCVgAAAAApAlYAAAAAKQJWAAAAACkCVgAAAAApAlYAAAAAKQJWAAAAACkCVgAAAAApAlYAAAAAKQJWAAAAACkCVgAAAAApAlYAAAAAKQJWAAAAACkCVgAAAAApAlYAAAAAKQJWAAAAACkCVgAAAAApAlYAAAAAKQJWAAAAACkCVgAAAAApAlYAAAAAKQJWAAAAACkCVgAAAAApAlYAAAAAKQJWAAAAACkCVgAAAAApAlYAAAAAKQJWAAAAACkCVgAAAAApAlYAAAAAKT9BWzu1gMvZQSfAAAAAElFTkSuQmCC"`;
